
> dr_burger@0.1.0 build
> next build

node.exe : [baseline-browser-mapping] The data in t
his module is over two months old.  To ensure accur
ate Baseline data, please update: `npm i baseline-b
rowser-mapping@latest -D`
At line:1 char:1
+ & "C:\Program Files\nodejs/node.exe" "C:\Users\hu
ozt\AppData\Roaming\ ...
+ ~~~~~~~~~~~~~~~~~~~~~~~~~~~~~~~~~~~~~~~~~~~~~~~~~
~~~~~~~~~~~~~~~~~~~~
    + CategoryInfo          : NotSpecified: ([base 
   line-brows...ping@latest -D`:String) [], Remot  
  eException
    + FullyQualifiedErrorId : NativeCommandError
 
Ôû▓ Next.js 16.1.6 (Turbopack)
- Environments: .env

ÔÜá The "middleware" file convention is deprecated.
 Please use "proxy" instead. Learn more: https://ne
xtjs.org/docs/messages/middleware-to-proxy
  Creating an optimized production build ...
[baseline-browser-mapping] The data in this module 
is over two months old.  To ensure accurate Baselin
e data, please update: `npm i baseline-browser-mapp
ing@latest -D`
Ô£ô Compiled successfully in 4.1s
  Running TypeScript ...
Failed to compile.

./components/custom/BurgerBuilder.tsx:580:54
Type error: 'ing' is possibly 'undefined'.

[0m [90m 578 |[39m                              
               [33m<[39m[33mdiv[39m className[
33m=[39m[32m"flex justify-between items-start mb-
4"[39m[33m>[39m
 [90m 579 |[39m                                  
               [33m<[39m[33mh3[39m className[3
3m=[39m[32m"text-lg font-bold text-white"[39m[3
3m>[39m
[31m[1m>[22m[39m[90m 580 |[39m               
                                      {ing[33m.[3
9mname}
 [90m     |[39m                                  
                    [31m[1m^[22m[39m
 [90m 581 |[39m                                  
               [33m<[39m[33m/[39m[33mh3[39m[
33m>[39m
 [90m 582 |[39m                                  
               [33m<[39m[33mbutton[39m
 [90m 583 |[39m                                  
                   onClick[33m=[39m{() [33m=>[3
9m setShowAllergenInfo([36mnull[39m)}[0m
Next.js build worker exited with code: 1 and signal
: null
